// Jest Snapshot v1, https://jestjs.io/docs/snapshot-testing

exports[`MovieBox handle movie avatar 1`] = `
[
  {
    "meta": {
      "countryCodes": [
        "multi",
      ],
      "referer": "https://themoviebox.org/",
      "title": "Avatar (2009)",
    },
    "url": "https://themoviebox.org/moviesDetail/avatar-WLDIi21IUBa",
  },
]
`;
