// Jest Snapshot v1, https://jestjs.io/docs/snapshot-testing

exports[`MovieBox Avatar movie streams 1`] = `[]`;

exports[`MovieBox Breaking Bad S01E01 streams 1`] = `[]`;

exports[`MovieBox HLS stream 1`] = `[]`;

exports[`MovieBox MP4 format field without .mp4 in URL 1`] = `[]`;

exports[`MovieBox No streams available 1`] = `[]`;

exports[`MovieBox No subjectId returns empty 1`] = `[]`;

exports[`MovieBox Non-zero response code returns empty 1`] = `[]`;

exports[`MovieBox URL without se/ep params uses defaults 1`] = `[]`;

exports[`MovieBox Unknown format stream 1`] = `[]`;
